Test run for C:\Users\James Lestler\Desktop\Projects\GMSD\tests\Gmsd.Agents.Tests\bin\Debug\net10.0\Gmsd.Agents.Tests.dll (.NETCoreApp,Version=v10.0)
VSTest version 18.0.1 (x64)

Starting test execution, please wait...
A total of 1 test files matched the specified pattern.
dotnet : [xUnit.net 00:00:00.17]     Gmsd.Agents.Tests.Integration.Orchestrator.OrchestratorEndToEndTests.ExecuteAsync_FullWorkflow_CreatesEvidenceFolderStructure [FAIL]
At line:1 char:1
+ dotnet test tests/Gmsd.Agents.Tests/Gmsd.Agents.Tests.csproj --filter ...
+ ~~~~~~~~~~~~~~~~~~~~~~~~~~~~~~~~~~~~~~~~~~~~~~~~~~~~~~~~~~~~~~~~~~~~~
    + CategoryInfo          : NotSpecified: ([xUnit.net 00:0...tructure [FAIL]:String) [], RemoteException
    + FullyQualifiedErrorId : NativeCommandError
 
  Failed Gmsd.Agents.Tests.Integration.Orchestrator.OrchestratorEndToEndTests.ExecuteAsync_FullWorkflow_CreatesEvidenceFolderStructure [44 ms]
  Error Message:
   System.Exception : Orchestrator failed: Snapshot not set. (unknown)
  Stack Trace:
     at Gmsd.Agents.Tests.Integration.Orchestrator.OrchestratorEndToEndTests.ExecuteAsync_FullWorkflow_CreatesEvidenceFolderStructure()
--- End of stack trace from previous location ---

Failed!  - Failed:     1, Passed:     0, Skipped:     0, Total:     1, Duration: 44 ms - Gmsd.Agents.Tests.dll (net10.0)
